// Jest Snapshot v1, https://goo.gl/fbAQLP

exports[`DriverController can be created 1`] = `
DriverController {
  "driverID": undefined,
  "fleetEngineAccessToken": undefined,
  "isLoggedIn": null,
  "requestsSubjectsMap": Object {
    "LOGIN": RequestSubject {
      "_value": "IDLE",
      "closed": false,
      "currentObservers": null,
      "hasCompleted": false,
      "hasError": false,
      "hasFailed": false,
      "isStopped": false,
      "observers": Array [],
      "requestID": "LOGIN",
      "requestStatus": "IDLE",
      "thrownError": null,
    },
    "LOGOUT": RequestSubject {
      "_value": "IDLE",
      "closed": false,
      "currentObservers": null,
      "hasCompleted": false,
      "hasError": false,
      "hasFailed": false,
      "isStopped": false,
      "observers": Array [],
      "requestID": "LOGOUT",
      "requestStatus": "IDLE",
      "thrownError": null,
    },
    "TOTAL_CASH": RequestSubject {
      "_value": "IDLE",
      "closed": false,
      "currentObservers": null,
      "hasCompleted": false,
      "hasError": false,
      "hasFailed": false,
      "isStopped": false,
      "observers": Array [],
      "requestID": "TOTAL_CASH",
      "requestStatus": "IDLE",
      "thrownError": null,
    },
    "USER_INFO": RequestSubject {
      "_value": "IDLE",
      "closed": false,
      "currentObservers": null,
      "hasCompleted": false,
      "hasError": false,
      "hasFailed": false,
      "isStopped": false,
      "observers": Array [],
      "requestID": "USER_INFO",
      "requestStatus": "IDLE",
      "thrownError": null,
    },
  },
  "token": undefined,
  "totalCash": undefined,
  "userInfo": undefined,
}
`;
