// Jest Snapshot v1, https://goo.gl/fbAQLP

exports[`RequestSubject can be created 1`] = `
RequestSubject {
  "_value": "IDLE",
  "closed": false,
  "currentObservers": null,
  "hasCompleted": false,
  "hasError": false,
  "hasFailed": false,
  "isStopped": false,
  "observers": Array [],
  "requestID": undefined,
  "requestStatus": "IDLE",
  "thrownError": null,
}
`;
